
[94m============================================================[0m
[94m├╦╬┴└╦▄═╬┼ ╥┼╤╥╚╨╬┬└═╚┼ ╥╬╨├╬┬╬├╬ ┴╬╥└[0m
[94m============================================================[0m


[96m============================================================[0m
[96m╥┼╤╥: TELEGRAM API[0m
[96m============================================================[0m
.\.venv\Scripts\python.e
xe : Traceback (most rec
ent call last):
строка:1 знак:1
+ .\.venv\Scripts\python
.exe test_global.py 2>&1
 | Tee-Object -FilePath 
...
+ ~~~~~~~~~~~~~~~~~~~~~~
~~~~~~~~~~~~~~~~~~~~~~~~
    + CategoryInfo      
        : NotSpecified  
  : (Traceback (most    
 recent call last)::    
String) [], RemoteE    x
ception
    + FullyQualifiedErr 
   orId : NativeComman  
  dError
 
  File "C:\Users\yusif\O
neDrive\Desktop\trader\t
est_global.py", line 51,
 in test_telegram
    print_error("TELEGRA
M_BOT_TOKEN шыш TELEGRAM
_CHAT_ID эх эрщфхэ√ т .e
nv")
    ~~~~~~~~~~~^^^^^^^^^
^^^^^^^^^^^^^^^^^^^^^^^^
^^^^^^^^^^^^^^^^^^^^^^^^
^^^^
  File "C:\Users\yusif\O
neDrive\Desktop\trader\t
est_global.py", line 37,
 in print_error
    print(f"{Colors.RED}
\u274c {msg}{Colors.END}
")
    ~~~~~^^^^^^^^^^^^^^^
^^^^^^^^^^^^^^^^^^^^^^
  File "C:\Python314\Lib
\encodings\cp1251.py", l
ine 19, in encode
    return codecs.charma
p_encode(input,self.erro
rs,encoding_table)[0]
           ~~~~~~~~~~~~~
~~~~~~~~^^^^^^^^^^^^^^^^
^^^^^^^^^^^^^^^^^^
UnicodeEncodeError: 'cha
rmap' codec can't encode
 character '\u274c' in p
osition 5: character map
s to <undefined>

During handling of the a
bove exception, another 
exception occurred:

Traceback (most recent c
all last):
  File "C:\Users\yusif\O
neDrive\Desktop\trader\t
est_global.py", line 517
, in <module>
    asyncio.run(main())
    ~~~~~~~~~~~^^^^^^^^
  File "C:\Python314\Lib
\asyncio\runners.py", li
ne 204, in run
    return runner.run(ma
in)
           ~~~~~~~~~~^^^
^^^
  File "C:\Python314\Lib
\asyncio\runners.py", li
ne 127, in run
    return self._loop.ru
n_until_complete(task)
           ~~~~~~~~~~~~~
~~~~~~~~~~~~~~~~^^^^^^
  File "C:\Python314\Lib
\asyncio\base_events.py"
, line 719, in run_until
_complete
    return future.result
()
           ~~~~~~~~~~~~~
^^
  File "C:\Users\yusif\O
neDrive\Desktop\trader\t
est_global.py", line 481
, in main
    results['Telegram'] 
= await test_telegram()
                        
  ^^^^^^^^^^^^^^^^^^^^^
  File "C:\Users\yusif\O
neDrive\Desktop\trader\t
est_global.py", line 88,
 in test_telegram
    print_error(f"Telegr
am test failed: {e}")
    ~~~~~~~~~~~^^^^^^^^^
^^^^^^^^^^^^^^^^^^^^^
  File "C:\Users\yusif\O
neDrive\Desktop\trader\t
est_global.py", line 37,
 in print_error
    print(f"{Colors.RED}
\u274c {msg}{Colors.END}
")
    ~~~~~^^^^^^^^^^^^^^^
^^^^^^^^^^^^^^^^^^^^^^
  File "C:\Python314\Lib
\encodings\cp1251.py", l
ine 19, in encode
    return codecs.charma
p_encode(input,self.erro
rs,encoding_table)[0]
           ~~~~~~~~~~~~~
~~~~~~~~^^^^^^^^^^^^^^^^
^^^^^^^^^^^^^^^^^^
UnicodeEncodeError: 'cha
rmap' codec can't encode
 character '\u274c' in p
osition 5: character map
s to <undefined>
